------------------------------------------------------------
Timing Analyzer Summary
------------------------------------------------------------

Type  : Slow 1200mV 85C Model Setup 'clk'
Slack : 8.136
TNS   : 0.000

Type  : Slow 1200mV 85C Model Hold 'clk'
Slack : 0.382
TNS   : 0.000

Type  : Slow 1200mV 85C Model Recovery 'clk'
Slack : 11.048
TNS   : 0.000

Type  : Slow 1200mV 85C Model Removal 'clk'
Slack : 6.893
TNS   : 0.000

Type  : Slow 1200mV 85C Model Minimum Pulse Width 'clk'
Slack : 9.027
TNS   : 0.000

Type  : Slow 1200mV 0C Model Setup 'clk'
Slack : 8.787
TNS   : 0.000

Type  : Slow 1200mV 0C Model Hold 'clk'
Slack : 0.333
TNS   : 0.000

Type  : Slow 1200mV 0C Model Recovery 'clk'
Slack : 11.483
TNS   : 0.000

Type  : Slow 1200mV 0C Model Removal 'clk'
Slack : 6.624
TNS   : 0.000

Type  : Slow 1200mV 0C Model Minimum Pulse Width 'clk'
Slack : 9.009
TNS   : 0.000

Type  : Fast 1200mV 0C Model Setup 'clk'
Slack : 10.421
TNS   : 0.000

Type  : Fast 1200mV 0C Model Hold 'clk'
Slack : 0.201
TNS   : 0.000

Type  : Fast 1200mV 0C Model Recovery 'clk'
Slack : 11.883
TNS   : 0.000

Type  : Fast 1200mV 0C Model Removal 'clk'
Slack : 6.080
TNS   : 0.000

Type  : Fast 1200mV 0C Model Minimum Pulse Width 'clk'
Slack : 8.833
TNS   : 0.000

------------------------------------------------------------
